#-----------------------------------------------------------
# Vivado v2024.2 (64-bit)
# SW Build 5239630 on Fri Nov 08 22:34:34 MST 2024
# IP Build 5239520 on Sun Nov 10 16:12:51 MST 2024
# SharedData Build 5239561 on Fri Nov 08 14:39:27 MST 2024
# Start of session at: Thu Jan 16 07:23:14 2025
# Process ID         : 154767
# Current directory  : /home/david/Documents/work/dtcore32/vivado
# Command line       : vivado
# Log file           : /home/david/Documents/work/dtcore32/vivado/vivado.log
# Journal file       : /home/david/Documents/work/dtcore32/vivado/vivado.jou
# Running On         : david-MS-7D46
# Platform           : Ubuntu
# Operating System   : Ubuntu 24.04.1 LTS
# Processor Detail   : 12th Gen Intel(R) Core(TM) i5-12400F
# CPU Frequency      : 3468.020 MHz
# CPU Physical cores : 6
# CPU Logical cores  : 12
# Host memory        : 16620 MB
# Swap memory        : 4294 MB
# Total Virtual      : 20915 MB
# Available Virtual  : 14175 MB
#-----------------------------------------------------------
start_gui
open_project /home/david/Documents/work/dtcore32/vivado/riscv/riscv.xpr
update_compile_order -fileset sources_1
export_ip_user_files -of_objects  [get_files /home/david/Documents/work/dtcore32/src/dtcore32_EX_MEM_reg.sv] -no_script -reset -force -quiet
export_ip_user_files -of_objects  [get_files /home/david/Documents/work/dtcore32/src/dtcore32_ID_EX_reg.sv] -no_script -reset -force -quiet
export_ip_user_files -of_objects  [get_files /home/david/Documents/work/dtcore32/src/dtcore32_IF_ID_reg.sv] -no_script -reset -force -quiet
export_ip_user_files -of_objects  [get_files /home/david/Documents/work/dtcore32/src/dtcore32_MEM_WB_reg.sv] -no_script -reset -force -quiet
remove_files  {/home/david/Documents/work/dtcore32/src/dtcore32_EX_MEM_reg.sv /home/david/Documents/work/dtcore32/src/dtcore32_ID_EX_reg.sv /home/david/Documents/work/dtcore32/src/dtcore32_IF_ID_reg.sv /home/david/Documents/work/dtcore32/src/dtcore32_MEM_WB_reg.sv}
launch_simulation
open_wave_config /home/david/Documents/work/dtcore32/vivado/riscv/testbench_behav.wcfg
source testbench.tcl
close_sim
launch_simulation
open_wave_config /home/david/Documents/work/dtcore32/vivado/riscv/testbench_behav.wcfg
source testbench.tcl
close_sim
launch_simulation
open_wave_config /home/david/Documents/work/dtcore32/vivado/riscv/testbench_behav.wcfg
source testbench.tcl
current_wave_config {testbench_behav.wcfg}
add_wave {{/testbench/UUT/dtcore32_MEM_stage_inst/WB_stall_i}} 
relaunch_sim
current_wave_config {testbench_behav.wcfg}
add_wave {{/testbench/UUT/dtcore32_EX_stage_inst/MEM_stall_i}} 
relaunch_sim
save_wave_config {/home/david/Documents/work/dtcore32/vivado/riscv/testbench_behav.wcfg}
close_sim
launch_simulation
open_wave_config /home/david/Documents/work/dtcore32/vivado/riscv/testbench_behav.wcfg
source testbench.tcl
close_sim
